// Jest Snapshot v1, https://goo.gl/fbAQLP

exports[`Player Route should be able to render the component 1`] = `
<div
  data-testid="player-route"
>
  <div
    class="row"
  >
    <div
      class="col-3"
    >
      <div
        data-testid="host-display"
      >
        <div
          class="stack-y-2"
        >
          <h2>
            host.display.stage.initiation.title
          </h2>
          <button
            class="pure-button pure-button-primary"
          >
            host.display.stage.initiation.button
          </button>
        </div>
      </div>
      <div
        data-testid="player-display"
      >
        <div
          class="stack-y-2"
        >
          <h3>
            Waiting for the game to start
          </h3>
        </div>
      </div>
    </div>
    <div
      class="col-9"
    >
      <span
        data-testid="at-game-board"
      />
    </div>
  </div>
</div>
`;
