// Jest Snapshot v1, https://goo.gl/fbAQLP

exports[`<Unit Test> Hand should be able to render the component 1`] = `
<div>
  <h3>
    Player: 
    Frank
  </h3>
  <div
    class="hand"
  >
    <div
      class="flex-center-center card"
      style="background-position: -79px -0px;"
    />
    <div
      class="flex-center-center card"
      style="background-position: -158px -0px;"
    />
    <div
      class="flex-center-center card"
      style="background-position: -237px -0px;"
    />
  </div>
</div>
`;
