// Jest Snapshot v1, https://goo.gl/fbAQLP

exports[`VoteAssign should be able to create the votes for a given set up 1`] = `
<div
  data-testid="vote-assign"
>
  <h5>
    vote.assign.complete
  </h5>
</div>
`;

exports[`VoteAssign should be able to render the component 1`] = `
<div
  data-testid="vote-assign"
>
  <h4>
    vote.assign.title
  </h4>
  <form
    data-testid="vote-assign-form"
  >
    <div
      class="row"
    >
      <h4
        class="col-8-sm"
      >
        global.player_name
      </h4>
      <h4
        class="col-3-sm"
      >
        global.points
      </h4>
    </div>
    <div
      class="row"
    >
      <label
        class="col-8-sm"
        for="player-ffy-amount"
      >
        joe
      </label>
      <input
        class="col-3-sm"
        data-testid="player-ffy-amount"
        max="10"
        name="player-ffy-amount"
        type="number"
        value="0"
      />
    </div>
    
    <button
      type="submit"
    >
      vote.assign.submit
    </button>
  </form>
</div>
`;
